{"error":"NOT NULL constraint failed: payment_cards.card_name"}